{
  "format_version": "1",
  "identity": {
    "fixture": "bookings/event/v1/booking-cancelled",
    "contract": {
      "package": "company.bookings.event.v1",
      "message": "BookingCancelled"
    },
    "type": "com.company.bookings.booking-cancelled.v1",
    "dataschema": "type.googleapis.com/company.bookings.event.v1.BookingCancelled"
  },
  "covers": {
    "profile_major": "1",
    "contract_major": "v1"
  },
  "cases": [
    {
      "name": "all-conditionals-present",
      "doc": "Caminho típico com os três atributos condicionais presentes (aggregateversion, tenantid, tracestate).",
      "envelope": {
        "aggregateversion": "7",
        "causationid": "evt-0001",
        "correlationid": "corr-0001",
        "datacontenttype": "application/protobuf",
        "dataschema": "type.googleapis.com/company.bookings.event.v1.BookingCancelled",
        "id": "evt-0001",
        "partitionkey": "c-42",
        "source": "urn:dmpf:reference-bookings",
        "specversion": "1.0",
        "subject": "b-1001",
        "tenantid": "tenant-a",
        "time": "2026-09-02T12:00:00Z",
        "traceparent": "00-0af7651916cd43dd8448eb211c80319c-b7ad6b7169203331-01",
        "tracestate": "vendor=1",
        "type": "com.company.bookings.booking-cancelled.v1"
      },
      "payload": {
        "booking_id": "b-1001",
        "cancelled_at": "2026-09-02T12:00:00Z"
      },
      "payload_bytes_hex": "0a06622d31303031120608c09fe0d406",
      "payload_hash": "439b0935ae422933e9b350eaf3dda6ccaa46ac750ba9af9b9eea6c63a35d6a53"
    },
    {
      "name": "all-conditionals-absent",
      "doc": "Os três condicionais ausentes: nenhum entra no mapa de atributos (ENV-12, sem valor de preenchimento).",
      "envelope": {
        "causationid": "evt-0001",
        "correlationid": "corr-0001",
        "datacontenttype": "application/protobuf",
        "dataschema": "type.googleapis.com/company.bookings.event.v1.BookingCancelled",
        "id": "evt-0002",
        "partitionkey": "c-42",
        "source": "urn:dmpf:reference-bookings",
        "specversion": "1.0",
        "subject": "b-1001",
        "time": "2026-09-02T12:00:00Z",
        "traceparent": "00-0af7651916cd43dd8448eb211c80319c-b7ad6b7169203331-01",
        "type": "com.company.bookings.booking-cancelled.v1"
      },
      "payload": {
        "booking_id": "b-1002",
        "cancelled_at": "2026-09-02T12:00:01Z"
      },
      "payload_bytes_hex": "0a06622d31303032120608c19fe0d406",
      "payload_hash": "c9ff2095fc6df283d106a493bd9a99dd9bb631a8df0c6205297e21d156f71dbd"
    }
  ],
  "discriminators": [
    {
      "name": "unknown-field",
      "doc": "Bytes canônicos mais um campo de número 7 (varint 42) que o contrato não conhece: a desserialização o preserva (PTB-10) e o hash o cobre (ENV-17).",
      "envelope": {
        "causationid": "evt-0001",
        "correlationid": "corr-0001",
        "datacontenttype": "application/protobuf",
        "dataschema": "type.googleapis.com/company.bookings.event.v1.BookingCancelled",
        "id": "evt-2001",
        "partitionkey": "c-42",
        "source": "urn:dmpf:reference-bookings",
        "specversion": "1.0",
        "subject": "b-1001",
        "time": "2026-09-02T12:00:00Z",
        "traceparent": "00-0af7651916cd43dd8448eb211c80319c-b7ad6b7169203331-01",
        "type": "com.company.bookings.booking-cancelled.v1"
      },
      "payload": {
        "booking_id": "b-2001",
        "cancelled_at": "2026-09-02T12:00:02Z"
      },
      "payload_bytes_hex": "0a06622d32303031120608c29fe0d406382a",
      "payload_hash": "9b4619b5fa944578ec5d0c06e160a8e49ac95767a9d21ef0c28d9dc7136959d5"
    },
    {
      "name": "non-canonical-field-order",
      "doc": "Campos em ordem decrescente de número, o instante como sub-mensagem: decodifica no mesmo valor, mas o hash é o dos bytes transportados e difere do hash de uma reserialização (ENV-18).",
      "envelope": {
        "causationid": "evt-0001",
        "correlationid": "corr-0001",
        "datacontenttype": "application/protobuf",
        "dataschema": "type.googleapis.com/company.bookings.event.v1.BookingCancelled",
        "id": "evt-2002",
        "partitionkey": "c-42",
        "source": "urn:dmpf:reference-bookings",
        "specversion": "1.0",
        "subject": "b-1001",
        "time": "2026-09-02T12:00:00Z",
        "traceparent": "00-0af7651916cd43dd8448eb211c80319c-b7ad6b7169203331-01",
        "type": "com.company.bookings.booking-cancelled.v1"
      },
      "payload": {
        "booking_id": "b-2002",
        "cancelled_at": "2026-09-02T12:00:03.123456789Z"
      },
      "payload_bytes_hex": "120b08c39fe0d40610959aef3a0a06622d32303032",
      "payload_hash": "8c688d01625c2dfe90fe18b0bec7fbd63c956f63868d7efc1a68fc3922234deb"
    }
  ]
}
